15 actionable tasks: 1 executed, 14 up-to-date
